Este es un mensaje de error en un archivo específico.